> Task :app:preBuild UP-TO-DATE
> Task :app:preDebugBuild UP-TO-DATE
> Task :app:mergeDebugNativeDebugMetadata NO-SOURCE
> Task :app:checkKotlinGradlePluginConfigurationErrors SKIPPED
> Task :app:checkDebugAarMetadata UP-TO-DATE
> Task :app:generateDebugResValues UP-TO-DATE
> Task :app:mapDebugSourceSetPaths UP-TO-DATE
> Task :app:generateDebugResources UP-TO-DATE
> Task :app:mergeDebugResources UP-TO-DATE
> Task :app:packageDebugResources UP-TO-DATE
> Task :app:parseDebugLocalResources UP-TO-DATE
> Task :app:createDebugCompatibleScreenManifests UP-TO-DATE
> Task :app:extractDeepLinksDebug UP-TO-DATE
> Task :app:processDebugMainManifest UP-TO-DATE
> Task :app:processDebugManifest UP-TO-DATE
> Task :app:processDebugManifestForPackage UP-TO-DATE
> Task :app:processDebugResources UP-TO-DATE
> Task :app:kspDebugKotlin UP-TO-DATE
> Task :app:javaPreCompileDebug UP-TO-DATE
> Task :app:mergeDebugShaders UP-TO-DATE
> Task :app:compileDebugShaders NO-SOURCE
> Task :app:generateDebugAssets UP-TO-DATE
> Task :app:mergeDebugAssets UP-TO-DATE
> Task :app:compressDebugAssets UP-TO-DATE
> Task :app:checkDebugDuplicateClasses UP-TO-DATE
> Task :app:desugarDebugFileDependencies UP-TO-DATE
> Task :app:mergeExtDexDebug UP-TO-DATE
> Task :app:mergeLibDexDebug UP-TO-DATE
> Task :app:mergeDebugJniLibFolders UP-TO-DATE
> Task :app:mergeDebugNativeLibs UP-TO-DATE
> Task :app:stripDebugDebugSymbols UP-TO-DATE
> Task :app:validateSigningDebug UP-TO-DATE
> Task :app:writeDebugAppMetadata UP-TO-DATE
> Task :app:writeDebugSigningConfigVersions UP-TO-DATE

> Task :app:compileDebugKotlin FAILED
./gradlew : e: file:///C:/Use
rs/sameer/AndroidStudioProjec
ts/Sentine/app/src/main/java/
com/example/sentine/engine/Ri
skScoringEngine.kt:122:26 
Unresolved reference 'level'.
At line:1 char:1
+ ./gradlew 
:app:assembleDebug 2>&1 | 
Out-String | Set-Content 
build_er ...
+ ~~~~~~~~~~~~~~~~~~~~~~~~~~~
~~~~~~
    + CategoryInfo           
   : NotSpecified: (e: file  
  :///C:/U...erence 'level   
 '.:String) [], RemoteExc    
eption
    + FullyQualifiedErrorId  
   : NativeCommandError
 


FAILURE: Build failed with 
an exception.

* What went wrong:
Execution failed for task 
':app:compileDebugKotlin'.
> A failure occurred while 
executing org.jetbrains.kotli
n.compilerRunner.GradleCompil
erRunnerWithWorkers$GradleKot
linCompilerWorkAction
   > Compilation error. See 
log for more details

* Try:
> Run with --stacktrace 
option to get the stack 
trace.
> Run with --info or --debug 
option to get more log 
output.
> Run with --scan to get 
full insights from a Build 
Scan (powered by Develocity).
> Get more help at 
https://help.gradle.org.

BUILD FAILED in 4s
[Incubating] Problems report is available at: file:///C:/Users/sameer/AndroidStudioProjects/Sentine/build/reports/problems/problems-report.html

Deprecated Gradle features were used in this build, making it incompatible with Gradle 10.

You can use '--warning-mode all' to show the individual deprecation warnings and determine if they come from your own scripts or plugins.

For more on this, please refer to https://docs.gradle.org/9.3.1/userguide/command_line_interface.html#sec:command_line_warnings in the Gradle documentation.
29 actionable tasks: 1 executed, 28 up-to-date

