> Task :app:preBuild UP-TO-DATE
> Task :app:preDebugBuild UP-TO-DATE
> Task :app:mergeDebugNativeDebugMetadata NO-SOURCE
> Task :app:checkKotlinGradlePluginConfigurationErrors SKIPPED
> Task :app:checkDebugAarMetadata UP-TO-DATE
> Task :app:generateDebugResValues UP-TO-DATE
> Task :app:mapDebugSourceSetPaths UP-TO-DATE
> Task :app:generateDebugResources UP-TO-DATE
> Task :app:mergeDebugResources UP-TO-DATE
> Task :app:packageDebugResources UP-TO-DATE
> Task :app:parseDebugLocalResources UP-TO-DATE
> Task :app:createDebugCompatibleScreenManifests UP-TO-DATE
> Task :app:extractDeepLinksDebug UP-TO-DATE
> Task :app:processDebugMainManifest UP-TO-DATE
> Task :app:processDebugManifest UP-TO-DATE
> Task :app:processDebugManifestForPackage UP-TO-DATE
> Task :app:processDebugResources UP-TO-DATE
> Task :app:kspDebugKotlin UP-TO-DATE
> Task :app:javaPreCompileDebug UP-TO-DATE
> Task :app:mergeDebugShaders UP-TO-DATE
> Task :app:compileDebugShaders NO-SOURCE
> Task :app:generateDebugAssets UP-TO-DATE
> Task :app:mergeDebugAssets UP-TO-DATE
> Task :app:compressDebugAssets UP-TO-DATE
> Task :app:checkDebugDuplicateClasses UP-TO-DATE
> Task :app:desugarDebugFileDependencies UP-TO-DATE
> Task :app:mergeExtDexDebug UP-TO-DATE
> Task :app:mergeLibDexDebug UP-TO-DATE
> Task :app:mergeDebugJniLibFolders UP-TO-DATE
> Task :app:mergeDebugNativeLibs UP-TO-DATE
> Task :app:stripDebugDebugSymbols UP-TO-DATE
> Task :app:validateSigningDebug UP-TO-DATE
> Task :app:writeDebugAppMetadata UP-TO-DATE
> Task :app:writeDebugSigningConfigVersions UP-TO-DATE

> Task :app:compileDebugKotlin FAILED
./gradlew : e: file:///
C:/Users/sameer/Android
StudioProjects/Sentine/
app/src/main/java/com/e
xample/sentine/ui/scree
ns/AppDetailScreen.kt:4
8:21 Cannot infer type 
for this parameter. 
Please specify it 
explicitly.
At line:1 char:1
+ ./gradlew 
:app:assembleDebug > 
build_output.txt 2>&1 
; cat build_outp ...
+ ~~~~~~~~~~~~~~~~~~~~~
~~~~~~~~~~~~~~~~~~~~~~~
~~~~~~~~
    + CategoryInfo     
         : NotSpecifi  
  ed: (e: file:///C:   
 /U... it explicitl    
y.:String) [], Rem    
oteException
    + FullyQualifiedEr 
   rorId : NativeComm  
  andError
 
e: file:///C:/Users/sam
eer/AndroidStudioProjec
ts/Sentine/app/src/main
/java/com/example/senti
ne/ui/screens/AppDetail
Screen.kt:48:21 
Property delegate must 
have a 
'getValue(Nothing?, 
KProperty0<ERROR 
CLASS: Cannot infer 
argument for type 
parameter T>)' method. 
None of the following 
functions is 
applicable:
fun <T> State<T>.getVal
ue(thisObj: Any?, 
property: 
KProperty<*>): T
e: file:///C:/Users/sam
eer/AndroidStudioProjec
ts/Sentine/app/src/main
/java/com/example/senti
ne/ui/screens/AppDetail
Screen.kt:48:31 
Unresolved reference 
'selectedApp'.
e: file:///C:/Users/sam
eer/AndroidStudioProjec
ts/Sentine/app/src/main
/java/com/example/senti
ne/ui/screens/AppDetail
Screen.kt:48:43 Cannot 
infer type for this 
parameter. Please 
specify it explicitly.
e: file:///C:/Users/sam
eer/AndroidStudioProjec
ts/Sentine/app/src/main
/java/com/example/senti
ne/ui/screens/AppDetail
Screen.kt:55:29 
Unresolved reference 
'isTrusted'.
e: file:///C:/Users/sam
eer/AndroidStudioProjec
ts/Sentine/app/src/main
/java/com/example/senti
ne/ui/screens/AppDetail
Screen.kt:55:62 
Unresolved reference 
'riskLevel'.
e: file:///C:/Users/sam
eer/AndroidStudioProjec
ts/Sentine/app/src/main
/java/com/example/senti
ne/ui/screens/AppDetail
Screen.kt:67:71 
Unresolved reference 
'alpha'.
e: file:///C:/Users/sam
eer/AndroidStudioProjec
ts/Sentine/app/src/main
/java/com/example/senti
ne/ui/screens/AppDetail
Screen.kt:75:30 
Unresolved reference 
'appName'.
e: file:///C:/Users/sam
eer/AndroidStudioProjec
ts/Sentine/app/src/main
/java/com/example/senti
ne/ui/screens/AppDetail
Screen.kt:85:39 
Unresolved reference 
'appName'.
e: file:///C:/Users/sam
eer/AndroidStudioProjec
ts/Sentine/app/src/main
/java/com/example/senti
ne/ui/screens/AppDetail
Screen.kt:88:30 
Unresolved reference 
'appName'.
e: file:///C:/Users/sam
eer/AndroidStudioProjec
ts/Sentine/app/src/main
/java/com/example/senti
ne/ui/screens/AppDetail
Screen.kt:89:30 
Unresolved reference 
'packageName'.
e: file:///C:/Users/sam
eer/AndroidStudioProjec
ts/Sentine/app/src/main
/java/com/example/senti
ne/ui/screens/AppDetail
Screen.kt:91:35 
Unresolved reference 
'riskLevel'.
e: file:///C:/Users/sam
eer/AndroidStudioProjec
ts/Sentine/app/src/main
/java/com/example/senti
ne/ui/screens/AppDetail
Screen.kt:91:50 
Unresolved reference 
'isTrusted'.
e: file:///C:/Users/sam
eer/AndroidStudioProjec
ts/Sentine/app/src/main
/java/com/example/senti
ne/ui/screens/AppDetail
Screen.kt:99:71 
Unresolved reference 
'riskScore'.
e: file:///C:/Users/sam
eer/AndroidStudioProjec
ts/Sentine/app/src/main
/java/com/example/senti
ne/ui/screens/AppDetail
Screen.kt:110:48 
Unresolved reference 
'riskLevel'.
e: file:///C:/Users/sam
eer/AndroidStudioProjec
ts/Sentine/app/src/main
/java/com/example/senti
ne/ui/screens/AppDetail
Screen.kt:114:54 
Unresolved reference 
'mlScore'.
e: file:///C:/Users/sam
eer/AndroidStudioProjec
ts/Sentine/app/src/main
/java/com/example/senti
ne/ui/screens/AppDetail
Screen.kt:115:59 
Unresolved reference 
'anomalyScore'.
e: file:///C:/Users/sam
eer/AndroidStudioProjec
ts/Sentine/app/src/main
/java/com/example/senti
ne/ui/screens/AppDetail
Screen.kt:116:57 
Unresolved reference 
'networkScore'.
e: file:///C:/Users/sam
eer/AndroidStudioProjec
ts/Sentine/app/src/main
/java/com/example/senti
ne/ui/screens/AppDetail
Screen.kt:126:59 
Unresolved reference 
'networkScore'.
e: file:///C:/Users/sam
eer/AndroidStudioProjec
ts/Sentine/app/src/main
/java/com/example/senti
ne/ui/screens/AppDetail
Screen.kt:128:64 
Unresolved reference 
'backgroundScore'.
e: file:///C:/Users/sam
eer/AndroidStudioProjec
ts/Sentine/app/src/main
/java/com/example/senti
ne/ui/screens/AppDetail
Screen.kt:130:63 
Unresolved reference 
'serviceScore'.
e: file:///C:/Users/sam
eer/AndroidStudioProjec
ts/Sentine/app/src/main
/java/com/example/senti
ne/ui/screens/AppDetail
Screen.kt:132:64 
Unresolved reference 
'screenOffScore'.
e: file:///C:/Users/sam
eer/AndroidStudioProjec
ts/Sentine/app/src/main
/java/com/example/senti
ne/ui/screens/AppDetail
Screen.kt:140:39 
Unresolved reference 
'reasons'.
e: file:///C:/Users/sam
eer/AndroidStudioProjec
ts/Sentine/app/src/main
/java/com/example/senti
ne/ui/screens/AppDetail
Screen.kt:146:52 
Unresolved reference 
'riskLevel'.
e: file:///C:/Users/sam
eer/AndroidStudioProjec
ts/Sentine/app/src/main
/java/com/example/senti
ne/ui/screens/AppDetail
Screen.kt:146:91 
Unresolved reference 
'riskLevel'.
e: file:///C:/Users/sam
eer/AndroidStudioProjec
ts/Sentine/app/src/main
/java/com/example/senti
ne/ui/screens/AppDetail
Screen.kt:166:18 
Unresolved reference 
'drawBehind'.
e: file:///C:/Users/sam
eer/AndroidStudioProjec
ts/Sentine/app/src/main
/java/com/example/senti
ne/ui/screens/AppDetail
Screen.kt:166:29 
Unresolved reference 
'drawRect'.
e: file:///C:/Users/sam
eer/AndroidStudioProjec
ts/Sentine/app/src/main
/java/com/example/senti
ne/ui/screens/AppDetail
Screen.kt:166:31 
Unresolved reference 
'drawRect'.
e: file:///C:/Users/sam
eer/AndroidStudioProjec
ts/Sentine/app/src/main
/java/com/example/senti
ne/ui/screens/AppDetail
Screen.kt:166:71 
Unresolved reference 
'Offset'.
e: file:///C:/Users/sam
eer/AndroidStudioProjec
ts/Sentine/app/src/main
/java/com/example/senti
ne/ui/screens/AppDetail
Screen.kt:166:128 
Function invocation 
'size(...)' expected.
e: file:///C:/Users/sam
eer/AndroidStudioProjec
ts/Sentine/app/src/main
/java/com/example/senti
ne/ui/screens/AppDetail
Screen.kt:166:133 
Function invocation 
'width(...)' expected.
e: file:///C:/Users/sam
eer/AndroidStudioProjec
ts/Sentine/app/src/main
/java/com/example/senti
ne/ui/screens/AppDetail
Screen.kt:166:145 
Unresolved reference 
'toPx'.
e: file:///C:/Users/sam
eer/AndroidStudioProjec
ts/Sentine/app/src/main
/java/com/example/senti
ne/ui/screens/AppDetail
Screen.kt:171:52 No 
value passed for 
parameter 
'packageName'.
e: file:///C:/Users/sam
eer/AndroidStudioProjec
ts/Sentine/app/src/main
/java/com/example/senti
ne/ui/screens/AppDetail
Screen.kt:177:30 
Unresolved reference 
'isTrusted'.
e: file:///C:/Users/sam
eer/AndroidStudioProjec
ts/Sentine/app/src/main
/java/com/example/senti
ne/ui/screens/Dashboard
Screen.kt:106:104 
Unresolved reference 
'caption'.
e: file:///C:/Users/sam
eer/AndroidStudioProjec
ts/Sentine/app/src/main
/java/com/example/senti
ne/ui/screens/Dashboard
Screen.kt:107:71 
Unresolved reference 
'caption'.

[Incubating] Problems report is available at: file:///C:/Users/sameer/AndroidStudioProjects/Sentine/build/reports/problems/problems-report.html

FAILURE: Build failed 
with an exception.

* What went wrong:
Execution failed for 
task ':app:compileDebug
Kotlin'.
> A failure occurred 
while executing org.jet
brains.kotlin.compilerR
unner.GradleCompilerRun
nerWithWorkers$GradleKo
tlinCompilerWorkAction
   > Compilation 
error. See log for 
more details

* Try:
> Run with 
--stacktrace option to 
get the stack trace.
> Run with --info or 
--debug option to get 
more log output.
> Run with --scan to 
get full insights from 
a Build Scan (powered 
by Develocity).
> Get more help at http
s://help.gradle.org.

Deprecated Gradle features were used in this build, making it incompatible with Gradle 10.

You can use '--warning-mode all' to show the individual deprecation warnings and determine if they come from your own scripts or plugins.

For more on this, please refer to https://docs.gradle.org/9.3.1/userguide/command_line_interface.html#sec:command_line_warnings in the Gradle documentation.

29 actionable tasks: 1 executed, 28 up-to-date
BUILD FAILED in 7s
